<html>
<body>
<pre>
<h1>µVision Build Log</h1>
<h2>Project:</h2>
F:\FreeRTOS_407\FreeRTOS_V8.2.3ÒÆÖ²\CycloneTCP_SSL_Crypto_FreeRTOS-1_7_2\demo\st\stm32f4_discovery\ssl_client_demo\keil\ssl_client_demo.uvproj
Project File Date:  03/22/2016

<h2>Output:</h2>
Build target 'ssl_client_demo_flash'
Before Build - User command #1: ..\..\..\..\..\utils\ResourceCompiler\bin\rc.exe ..\resources\ ..\src\res.c
[.]
[certs]
  [.]
  [..]
  ca_cert_bundle.pem (2777 bytes)
  client_dsa_cert.pem (1184 bytes)
  client_dsa_key.pem (668 bytes)
  client_ecdsa_cert.pem (741 bytes)
  client_ecdsa_key.pem (302 bytes)
  client_rsa_cert.pem (928 bytes)
  client_rsa_key.pem (891 bytes)
7767 bytes successfully written !
assembling startup_stm32f4xx.s...
compiling system_stm32f4xx.c...
compiling stm32f4xx_it.c...
compiling retarget.c...
compiling main.c...
compiling debug.c...
compiling res.c...
compiling endian.c...
compiling os_port_freertos.c...
compiling date_time.c...
compiling str.c...
compiling resource_manager.c...
compiling net.c...
compiling net_mem.c...
compiling stm32f4x7_eth.c...
compiling lan8720.c...
compiling nic.c...
compiling ethernet.c...
compiling arp.c...
compiling ipv4.c...
compiling ipv4_frag.c...
compiling icmp.c...
compiling igmp.c...
compiling ipv6.c...
compiling ipv6_frag.c...
compiling ipv6_misc.c...
compiling ipv6_pmtu.c...
compiling icmpv6.c...
compiling mld.c...
compiling ndp.c...
compiling ndp_cache.c...
compiling ndp_misc.c...
compiling slaac.c...
compiling ip.c...
compiling tcp.c...
compiling tcp_fsm.c...
compiling tcp_misc.c...
compiling tcp_timer.c...
compiling udp.c...
compiling socket.c...
compiling bsd_socket.c...
compiling raw_socket.c...
compiling dns_cache.c...
compiling dns_client.c...
compiling dns_common.c...
compiling dns_debug.c...
compiling mdns_client.c...
compiling mdns_responder.c...
compiling mdns_common.c...
compiling nbns_client.c...
compiling nbns_responder.c...
compiling nbns_common.c...
compiling dhcp_client.c...
compiling dhcp_common.c...
compiling dhcp_debug.c...
compiling tls.c...
compiling tls_cipher_suites.c...
compiling tls_client.c...
compiling tls_server.c...
compiling tls_common.c...
compiling tls_record.c...
compiling tls_io.c...
compiling tls_misc.c...
compiling tls_cache.c...
compiling ssl_common.c...
compiling base64.c...
compiling md2.c...
compiling md4.c...
compiling md5.c...
compiling ripemd128.c...
compiling ripemd160.c...
compiling sha1.c...
compiling sha224.c...
compiling sha256.c...
compiling sha384.c...
compiling sha512.c...
compiling sha512_224.c...
compiling sha512_256.c...
compiling tiger.c...
compiling whirlpool.c...
compiling hmac.c...
compiling rc4.c...
compiling rc6.c...
compiling idea.c...
compiling des.c...
compiling des3.c...
compiling aes.c...
compiling camellia.c...
compiling seed.c...
compiling aria.c...
compiling cipher_mode_ecb.c...
compiling cipher_mode_cbc.c...
compiling cipher_mode_cfb.c...
compiling cipher_mode_ofb.c...
compiling cipher_mode_ctr.c...
compiling cipher_mode_ccm.c...
compiling cipher_mode_gcm.c...
compiling dh.c...
compiling rsa.c...
compiling dsa.c...
compiling ec.c...
compiling ec_curves.c...
compiling ecdh.c...
compiling ecdsa.c...
compiling pkcs5.c...
compiling mpi.c...
assembling mpi_asm_keil_cortex_m3.s...
compiling asn1.c...
compiling oid.c...
compiling x509.c...
compiling pem.c...
compiling yarrow.c...
compiling port.c...
compiling croutine.c...
compiling list.c...
compiling queue.c...
compiling tasks.c...
compiling timers.c...
compiling heap_3.c...
compiling stm32f4_discovery.c...
compiling stm32f4_discovery_lcd.c...
compiling misc.c...
compiling stm32f4xx_adc.c...
compiling stm32f4xx_can.c...
compiling stm32f4xx_crc.c...
compiling stm32f4xx_cryp.c...
compiling stm32f4xx_cryp_aes.c...
compiling stm32f4xx_cryp_des.c...
compiling stm32f4xx_cryp_tdes.c...
compiling stm32f4xx_dac.c...
compiling stm32f4xx_dbgmcu.c...
compiling stm32f4xx_dcmi.c...
compiling stm32f4xx_dma.c...
compiling stm32f4xx_exti.c...
compiling stm32f4xx_flash.c...
compiling stm32f4xx_fsmc.c...
compiling stm32f4xx_gpio.c...
compiling stm32f4xx_hash.c...
compiling stm32f4xx_hash_md5.c...
compiling stm32f4xx_hash_sha1.c...
compiling stm32f4xx_i2c.c...
compiling stm32f4xx_iwdg.c...
compiling stm32f4xx_pwr.c...
compiling stm32f4xx_rcc.c...
compiling stm32f4xx_rng.c...
compiling stm32f4xx_rtc.c...
compiling stm32f4xx_sdio.c...
compiling stm32f4xx_spi.c...
compiling stm32f4xx_syscfg.c...
compiling stm32f4xx_tim.c...
compiling stm32f4xx_usart.c...
compiling stm32f4xx_wwdg.c...
linking...
Program Size: Code=157554 RO-data=47086 RW-data=384 ZI-data=114536  
FromELF: creating hex file...
".\bulid\ssl_client_demo_flash.axf" - 0 Error(s), 0 Warning(s).
